<html>
<body>
<pre>
<h1>µVision Build Log</h1>
<h2>Project:</h2>
C:\Users\mostl\OneDrive\Acer R14\Projects\School\Keil v4\347_Lab4\ADCSWTrigger.uvproj
Project File Date:  10/17/2018

<h2>Output:</h2>
Rebuild target 'Lab4'
assembling startup.s...
compiling ADCSWTrigger.c...
compiling PLL.c...
compiling Lab4Main.c...
linking...
Program Size: Code=1576 RO-data=32 RW-data=12 ZI-data=1124  
".\Lab4.axf" - 0 Error(s), 0 Warning(s).
Load "C:\\Users\\mostl\\OneDrive\\Acer R14\\Projects\\School\\Keil v4\\347_Lab4\\Lab4.axf" 
Connecting: Mode=JTAG, Speed=1000000Hz
Erase Done.
Programming Done.
Verify OK.
ash Download failed  -  Target DLL has been cancelled
Load "C:\\Users\\mostl\\OneDrive\\Acer R14\\Projects\\School\\Keil v4\\347_Lab4\\Lab4.axf" 
Connecting: Mode=JTAG, Speed=1000000Hz
Erase Done.
Programming Done.
Verify OK.
Load "C:\\Users\\mostl\\OneDrive\\Acer R14\\Projects\\School\\Keil v4\\347_Lab4\\Lab4.axf" 
Connecting: Mode=JTAG, Speed=1000000Hz
Erase Done.
Programming Done.
Verify OK.
Load "C:\\Users\\mostl\\OneDrive\\Acer R14\\Projects\\School\\Keil v4\\347_Lab4\\Lab4.axf" 
Connecting: Mode=JTAG, Speed=1000000Hz
Erase Done.
Programming Done.
Verify OK.
